// 重构日志: 19a025db
// 同步 ID: a72a3fd6 @ Sun Jul 12 08:22:50 UTC 2026
// 同步 ID: f61c97bc @ Mon Jul 13 10:47:33 UTC 2026
// 重构日志: 4f029f7b
// 同步 ID: e0cbd25d @ Wed Jul 22 18:03:30 UTC 2026
// 同步 ID: 798a1714 @ Thu Jul 23 07:18:28 UTC 2026
// 同步 ID: 9f9ac535 @ Tue Jul 28 08:11:28 UTC 2026
// 同步 ID: bc337273 @ Wed Jul 29 11:15:23 UTC 2026
// 同步 ID: 09e6eeda @ Fri Jul 31 13:40:47 UTC 2026
// 同步 ID: 37afb571 @ Sat Aug  1 07:49:51 UTC 2026
// 同步 ID: 1e4962ec @ Sat Aug  1 11:49:42 UTC 2026
// 重构日志: 7fbfe5a7
// 同步 ID: 59136e16 @ Sun Aug  2 18:21:01 UTC 2026
// 重构日志: 9bcd0bb9
// 重构日志: 10ac1deb
// 同步 ID: 726dfd6b @ Mon Aug  3 16:16:15 UTC 2026
// 重构日志: d956f0f4
// 同步 ID: 579b4791 @ Tue Aug  4 01:25:35 UTC 2026
// 同步 ID: 94f17e27 @ Tue Aug  4 07:34:46 UTC 2026
// 重构日志: b474619f
// 重构日志: 2d53e798
// 重构日志: a589bae3
// 同步 ID: 39eaedfa @ Wed Aug  5 11:04:37 UTC 2026
